// Jest Snapshot v1, https://goo.gl/fbAQLP

exports[`Sign-in page Snapshot 1`] = `
<div>
  <form
    class="form"
  >
    <h3
      class="title"
    >
      title
    </h3>
    <div
      class="wrapper wrapper_xl"
    >
      <div
        class=""
      >
        <input
          class="input"
          name="name"
          placeholder="name"
          type="text"
          value=""
        />
      </div>
      <div
        class=""
      >
        <input
          class="input"
          name="surname"
          placeholder="surname"
          type="text"
          value=""
        />
      </div>
      <div
        class="radioButtonGroup"
      >
        <label
          class="radioButton"
        >
          <span
            class="radioButton__inputWrapper"
          >
            <input
              checked=""
              class="radioButton__control"
              name="gender"
              type="radio"
              value="male"
            />
            <span
              class="radioButton__border radioButton__border_active"
            />
          </span>
          <span
            class="radioButton__text radioButton__text_active"
          >
            male
          </span>
        </label>
        <label
          class="radioButton"
        >
          <span
            class="radioButton__inputWrapper"
          >
            <input
              class="radioButton__control"
              name="gender"
              type="radio"
              value="female"
            />
            <span
              class="radioButton__border"
            />
          </span>
          <span
            class="radioButton__text"
          >
            female
          </span>
        </label>
      </div>
    </div>
    <div
      class="wrapper wrapper_m"
    >
      <div
        class="inputWrapper"
      >
        <span
          class="label"
        >
          birthday
        </span>
        <input
          class="inputMask"
          name="birthday"
          placeholder="birthdayPlaceholder"
        />
      </div>
    </div>
    <div
      class="wrapper wrapper_m"
    >
      <div
        class="inputWrapper"
      >
        <span
          class="label"
        >
          loginInformation
        </span>
        <div
          class=""
        >
          <input
            class="input"
            name=""
            placeholder="Email"
            type="email"
            value=""
          />
        </div>
      </div>
      <div
        class=""
      >
        <input
          class="input"
          name=""
          placeholder="password"
          type="password"
          value=""
        />
      </div>
      <label
        class="toggle"
      >
        <span
          class="toggle__inputWrapper"
        >
          <input
            class="toggle__control"
            name="getSpecOffers"
            type="checkbox"
          />
          <span
            class="toggle__border"
          />
        </span>
        <span
          class="toggle__text"
        >
          specOffers
        </span>
      </label>
    </div>
    <div
      class="buttonWrapper"
    >
      <button
        class="button button_type_submit"
        type="submit"
      >
        <span
          class="button__icon"
        >
          <svg
            fill="currentColor"
            height="24px"
            stroke="currentColor"
            stroke-width="0"
            viewBox="0 0 24 24"
            width="24px"
            xmlns="http://www.w3.org/2000/svg"
          >
            <path
              d="M0 0h24v24H0z"
              fill="none"
            />
            <path
              d="M12 4l-1.41 1.41L16.17 11H4v2h12.17l-5.58 5.59L12 20l8-8z"
            />
          </svg>
        </span>
        <span
          class="button_type_signInText"
        >
          buttonSignUp
        </span>
      </button>
    </div>
    <div
      class="login"
    >
      <span
        class="text"
      >
        login
      </span>
      <a
        class="button button_type_signIn"
        href="/sign-in"
      >
        <span
          class="button_type_signInText"
        >
          buttonSignIn
        </span>
      </a>
    </div>
  </form>
</div>
`;
